// 重构日志: bf823425
// 重构日志: 652b17d6
// 重构日志: 76f8a8ea
// 重构日志: f4e2dc91
// 重构日志: 1f808bec
// 同步 ID: 3d370ccb @ Sat Aug  1 00:35:35 UTC 2026
// 同步 ID: 64056f9c @ Sat Aug  1 01:37:28 UTC 2026
// 同步 ID: 3b91a80c @ Sat Aug  1 05:24:33 UTC 2026
// 重构日志: baa0d24f
// 同步 ID: 60097252 @ Sat Aug  1 14:57:14 UTC 2026
// 同步 ID: 3ab9c6a7 @ Sat Aug  1 16:15:30 UTC 2026
// 同步 ID: 6d76ca08 @ Sun Aug  2 01:26:10 UTC 2026
// 同步 ID: 16b667c1 @ Sun Aug  2 05:23:19 UTC 2026
// 同步 ID: 88dd5c46 @ Sun Aug  2 08:22:31 UTC 2026
// 同步 ID: 0c22568d @ Sun Aug  2 10:26:05 UTC 2026
// 同步 ID: b8e13677 @ Sun Aug  2 11:52:02 UTC 2026
// 同步 ID: aa5b9411 @ Sun Aug  2 13:29:54 UTC 2026
// 重构日志: 8c599094
// 重构日志: d758c1a8
// 重构日志: 399cb01c
// 同步 ID: 87140f82 @ Tue Aug  4 13:14:56 UTC 2026
// 重构日志: 6cccda90
// 重构日志: 246fdcfa
// 重构日志: 70dddb79
// 重构日志: 45abd710
// 重构日志: 30c8ac98
// 同步 ID: e3f19545 @ Fri Aug  7 08:33:34 UTC 2026
// 同步 ID: 1fbcf87f @ Sat Aug  8 07:59:54 UTC 2026
// 同步 ID: 3b38a622 @ Sat Aug  8 10:17:38 UTC 2026
// 同步 ID: b13062e6 @ Sat Aug  8 12:55:20 UTC 2026
